../Core/Src/main.c:90:5:__io_putchar	16	static
../Core/Src/main.c:95:6:LED_Task	8	static
../Core/Src/main.c:112:6:give_Task	8	static
../Core/Src/main.c:129:6:take_Task	8	static
../Core/Src/main.c:170:5:main	16	static
../Core/Src/main.c:265:6:SystemClock_Config	88	static
../Core/Src/main.c:311:13:MX_TIM2_Init	40	static
../Core/Src/main.c:356:13:MX_USART2_UART_Init	8	static
../Core/Src/main.c:404:13:MX_GPIO_Init	40	static
../Core/Src/main.c:439:6:StartDefaultTask	16	static
../Core/Src/main.c:458:6:HAL_TIM_PeriodElapsedCallback	16	static
../Core/Src/main.c:475:6:Error_Handler	4	static,ignoring_inline_asm
